Archive member included because of file (symbol)

/usr/local/CrossPack-AVR-20100115/lib/gcc/avr/4.3.3/avr25/libgcc.a(_mulhi3.o)
                              firefly.o (__mulhi3)
/usr/local/CrossPack-AVR-20100115/lib/gcc/avr/4.3.3/avr25/libgcc.a(_exit.o)
                              /usr/local/CrossPack-AVR-20100115/lib/gcc/avr/4.3.3/../../../../avr/lib/avr25/crttn45.o (exit)
/usr/local/CrossPack-AVR-20100115/lib/gcc/avr/4.3.3/avr25/libgcc.a(_copy_data.o)
                              firefly.o (__do_copy_data)
/usr/local/CrossPack-AVR-20100115/lib/gcc/avr/4.3.3/avr25/libgcc.a(_clear_bss.o)
                              firefly.o (__do_clear_bss)

Allocating common symbols
Common symbol       size              file

ch2scale            0x1               firefly.o
ch1restcount        0x1               firefly.o
ch1nextnote         0x1               firefly.o
ch2nextscale        0x1               firefly.o
ch2nextnote         0x1               firefly.o
ch2restcount        0x1               firefly.o
ch1nextscale        0x1               firefly.o
ch1scale            0x1               firefly.o
masterpinmask       0x1               firefly.o

Memory Configuration

Name             Origin             Length             Attributes
text             0x00000000         0x00002000         xr
data             0x00800060         0x0000ffa0         rw !x
eeprom           0x00810000         0x00010000         rw !x
fuse             0x00820000         0x00000400         rw !x
lock             0x00830000         0x00000400         rw !x
signature        0x00840000         0x00000400         rw !x
*default*        0x00000000         0xffffffff

Linker script and memory map

LOAD /usr/local/CrossPack-AVR-20100115/lib/gcc/avr/4.3.3/../../../../avr/lib/avr25/crttn45.o
LOAD /usr/local/CrossPack-AVR-20100115/lib/gcc/avr/4.3.3/../../../../avr/lib/avr25/libm.a
LOAD firefly.o
LOAD /usr/local/CrossPack-AVR-20100115/lib/gcc/avr/4.3.3/avr25/libgcc.a
LOAD /usr/local/CrossPack-AVR-20100115/lib/gcc/avr/4.3.3/../../../../avr/lib/avr25/libc.a
LOAD /usr/local/CrossPack-AVR-20100115/lib/gcc/avr/4.3.3/avr25/libgcc.a

.hash
 *(.hash)

.dynsym
 *(.dynsym)

.dynstr
 *(.dynstr)

.gnu.version
 *(.gnu.version)

.gnu.version_d
 *(.gnu.version_d)

.gnu.version_r
 *(.gnu.version_r)

.rel.init
 *(.rel.init)

.rela.init
 *(.rela.init)

.rel.text
 *(.rel.text)
 *(.rel.text.*)
 *(.rel.gnu.linkonce.t*)

.rela.text
 *(.rela.text)
 *(.rela.text.*)
 *(.rela.gnu.linkonce.t*)

.rel.fini
 *(.rel.fini)

.rela.fini
 *(.rela.fini)

.rel.rodata
 *(.rel.rodata)
 *(.rel.rodata.*)
 *(.rel.gnu.linkonce.r*)

.rela.rodata
 *(.rela.rodata)
 *(.rela.rodata.*)
 *(.rela.gnu.linkonce.r*)

.rel.data
 *(.rel.data)
 *(.rel.data.*)
 *(.rel.gnu.linkonce.d*)

.rela.data
 *(.rela.data)
 *(.rela.data.*)
 *(.rela.gnu.linkonce.d*)

.rel.ctors
 *(.rel.ctors)

.rela.ctors
 *(.rela.ctors)

.rel.dtors
 *(.rel.dtors)

.rela.dtors
 *(.rela.dtors)

.rel.got
 *(.rel.got)

.rela.got
 *(.rela.got)

.rel.bss
 *(.rel.bss)

.rela.bss
 *(.rela.bss)

.rel.plt
 *(.rel.plt)

.rela.plt
 *(.rela.plt)

.text           0x00000000      0xa68
 *(.vectors)
 .vectors       0x00000000       0x1e /usr/local/CrossPack-AVR-20100115/lib/gcc/avr/4.3.3/../../../../avr/lib/avr25/crttn45.o
                0x00000000                __vectors
                0x00000000                __vector_default
 *(.vectors)
 *(.progmem.gcc*)
 *(.progmem*)
 .progmem.data  0x0000001e      0x3f9 firefly.o
                0x000003e8                version
                0x00000114                song2cnotes
                0x0000001e                bootsongnotes
                0x000001f9                song2enotes
                0x000002de                song2gnotes
                0x0000032b                about
                0x00000322                bitmasks
                0x00000281                song2fnotes
                0x00000031                song2anotes
                0x00000196                song2dnotes
                0x000000a8                song2bnotes
                0x00000418                . = ALIGN (0x2)
 *fill*         0x00000417        0x1 00
                0x00000418                __trampolines_start = .
 *(.trampolines)
 .trampolines   0x00000418        0x0 linker stubs
 *(.trampolines*)
                0x00000418                __trampolines_end = .
 *(.jumptables)
 *(.jumptables*)
 *(.lowtext)
 *(.lowtext*)
                0x00000418                __ctors_start = .
 *(.ctors)
                0x00000418                __ctors_end = .
                0x00000418                __dtors_start = .
 *(.dtors)
                0x00000418                __dtors_end = .
 SORT(*)(.ctors)
 SORT(*)(.dtors)
 *(.init0)
 .init0         0x00000418        0x0 /usr/local/CrossPack-AVR-20100115/lib/gcc/avr/4.3.3/../../../../avr/lib/avr25/crttn45.o
                0x00000418                __init
 *(.init0)
 *(.init1)
 *(.init1)
 *(.init2)
 .init2         0x00000418        0xc /usr/local/CrossPack-AVR-20100115/lib/gcc/avr/4.3.3/../../../../avr/lib/avr25/crttn45.o
 *(.init2)
 *(.init3)
 *(.init3)
 *(.init4)
 .init4         0x00000424       0x16 /usr/local/CrossPack-AVR-20100115/lib/gcc/avr/4.3.3/avr25/libgcc.a(_copy_data.o)
                0x00000424                __do_copy_data
 .init4         0x0000043a       0x10 /usr/local/CrossPack-AVR-20100115/lib/gcc/avr/4.3.3/avr25/libgcc.a(_clear_bss.o)
                0x0000043a                __do_clear_bss
 *(.init4)
 *(.init5)
 *(.init5)
 *(.init6)
 *(.init6)
 *(.init7)
 *(.init7)
 *(.init8)
 *(.init8)
 *(.init9)
 .init9         0x0000044a        0x4 /usr/local/CrossPack-AVR-20100115/lib/gcc/avr/4.3.3/../../../../avr/lib/avr25/crttn45.o
 *(.init9)
 *(.text)
 .text          0x0000044e        0x2 /usr/local/CrossPack-AVR-20100115/lib/gcc/avr/4.3.3/../../../../avr/lib/avr25/crttn45.o
                0x0000044e                __vector_1
                0x0000044e                __bad_interrupt
                0x0000044e                __vector_6
                0x0000044e                __vector_3
                0x0000044e                __vector_11
                0x0000044e                __vector_13
                0x0000044e                __vector_7
                0x0000044e                __vector_5
                0x0000044e                __vector_4
                0x0000044e                __vector_9
                0x0000044e                __vector_2
                0x0000044e                __vector_8
                0x0000044e                __vector_14
 .text          0x00000450      0x5f0 firefly.o
                0x00000742                randwaitval
                0x00000450                __vector_12
                0x00000662                randbits
                0x0000070a                randscaleval
                0x000006ca                pickapin
                0x000006a4                pickmaster
                0x000009b2                main
                0x000007b0                lighted_fireflies
                0x00000790                pickasong
                0x000005a2                showbootup
                0x000004b8                __vector_10
 .text          0x00000a40        0x0 /usr/local/CrossPack-AVR-20100115/lib/gcc/avr/4.3.3/avr25/libgcc.a(_mulhi3.o)
 .text          0x00000a40        0x0 /usr/local/CrossPack-AVR-20100115/lib/gcc/avr/4.3.3/avr25/libgcc.a(_exit.o)
 .text          0x00000a40        0x0 /usr/local/CrossPack-AVR-20100115/lib/gcc/avr/4.3.3/avr25/libgcc.a(_copy_data.o)
 .text          0x00000a40        0x0 /usr/local/CrossPack-AVR-20100115/lib/gcc/avr/4.3.3/avr25/libgcc.a(_clear_bss.o)
                0x00000a40                . = ALIGN (0x2)
 *(.text.*)
 .text.libgcc   0x00000a40       0x24 /usr/local/CrossPack-AVR-20100115/lib/gcc/avr/4.3.3/avr25/libgcc.a(_mulhi3.o)
                0x00000a40                __mulhi3
 .text.libgcc   0x00000a64        0x0 /usr/local/CrossPack-AVR-20100115/lib/gcc/avr/4.3.3/avr25/libgcc.a(_exit.o)
 .text.libgcc   0x00000a64        0x0 /usr/local/CrossPack-AVR-20100115/lib/gcc/avr/4.3.3/avr25/libgcc.a(_copy_data.o)
 .text.libgcc   0x00000a64        0x0 /usr/local/CrossPack-AVR-20100115/lib/gcc/avr/4.3.3/avr25/libgcc.a(_clear_bss.o)
                0x00000a64                . = ALIGN (0x2)
 *(.fini9)
 .fini9         0x00000a64        0x0 /usr/local/CrossPack-AVR-20100115/lib/gcc/avr/4.3.3/avr25/libgcc.a(_exit.o)
                0x00000a64                exit
                0x00000a64                _exit
 *(.fini9)
 *(.fini8)
 *(.fini8)
 *(.fini7)
 *(.fini7)
 *(.fini6)
 *(.fini6)
 *(.fini5)
 *(.fini5)
 *(.fini4)
 *(.fini4)
 *(.fini3)
 *(.fini3)
 *(.fini2)
 *(.fini2)
 *(.fini1)
 *(.fini1)
 *(.fini0)
 .fini0         0x00000a64        0x4 /usr/local/CrossPack-AVR-20100115/lib/gcc/avr/4.3.3/avr25/libgcc.a(_exit.o)
 *(.fini0)
                0x00000a68                _etext = .

.data           0x00800060       0x4c load address 0x00000a68
                0x00800060                PROVIDE (__data_start, .)
 *(.data)
 .data          0x00800060        0x0 /usr/local/CrossPack-AVR-20100115/lib/gcc/avr/4.3.3/../../../../avr/lib/avr25/crttn45.o
 .data          0x00800060       0x4c firefly.o
                0x00800070                song2d
                0x00800060                bootsong
                0x00800078                song2f
                0x00800080                bootsongs
                0x008000a3                mood_count
                0x0080007c                song2g
                0x00800068                song2b
                0x00800064                song2a
                0x00800074                song2e
                0x008000a2                mood
                0x00800082                songs
                0x0080006c                song2c
 .data          0x008000ac        0x0 /usr/local/CrossPack-AVR-20100115/lib/gcc/avr/4.3.3/avr25/libgcc.a(_mulhi3.o)
 .data          0x008000ac        0x0 /usr/local/CrossPack-AVR-20100115/lib/gcc/avr/4.3.3/avr25/libgcc.a(_exit.o)
 .data          0x008000ac        0x0 /usr/local/CrossPack-AVR-20100115/lib/gcc/avr/4.3.3/avr25/libgcc.a(_copy_data.o)
 .data          0x008000ac        0x0 /usr/local/CrossPack-AVR-20100115/lib/gcc/avr/4.3.3/avr25/libgcc.a(_clear_bss.o)
 *(.data*)
 *(.rodata)
 *(.rodata*)
 *(.gnu.linkonce.d*)
                0x008000ac                . = ALIGN (0x2)
                0x008000ac                _edata = .
                0x008000ac                PROVIDE (__data_end, .)

.bss            0x008000ac       0x13
                0x008000ac                PROVIDE (__bss_start, .)
 *(.bss)
 .bss           0x008000ac        0x0 /usr/local/CrossPack-AVR-20100115/lib/gcc/avr/4.3.3/../../../../avr/lib/avr25/crttn45.o
 .bss           0x008000ac        0xa firefly.o
 .bss           0x008000b6        0x0 /usr/local/CrossPack-AVR-20100115/lib/gcc/avr/4.3.3/avr25/libgcc.a(_mulhi3.o)
 .bss           0x008000b6        0x0 /usr/local/CrossPack-AVR-20100115/lib/gcc/avr/4.3.3/avr25/libgcc.a(_exit.o)
 .bss           0x008000b6        0x0 /usr/local/CrossPack-AVR-20100115/lib/gcc/avr/4.3.3/avr25/libgcc.a(_copy_data.o)
 .bss           0x008000b6        0x0 /usr/local/CrossPack-AVR-20100115/lib/gcc/avr/4.3.3/avr25/libgcc.a(_clear_bss.o)
 *(.bss*)
 *(COMMON)
 COMMON         0x008000b6        0x9 firefly.o
                0x008000b6                ch2scale
                0x008000b7                ch1restcount
                0x008000b8                ch1nextnote
                0x008000b9                ch2nextscale
                0x008000ba                ch2nextnote
                0x008000bb                ch2restcount
                0x008000bc                ch1nextscale
                0x008000bd                ch1scale
                0x008000be                masterpinmask
                0x008000bf                PROVIDE (__bss_end, .)
                0x00000a68                __data_load_start = LOADADDR (.data)
                0x00000ab4                __data_load_end = (__data_load_start + SIZEOF (.data))

.noinit         0x008000bf        0x0
                0x008000bf                PROVIDE (__noinit_start, .)
 *(.noinit*)
                0x008000bf                PROVIDE (__noinit_end, .)
                0x008000bf                _end = .
                0x008000bf                PROVIDE (__heap_start, .)

.eeprom         0x00810000        0x0
 *(.eeprom*)
                0x00810000                __eeprom_end = .

.fuse
 *(.fuse)
 *(.lfuse)
 *(.hfuse)
 *(.efuse)

.lock
 *(.lock*)

.signature
 *(.signature*)

.stab           0x00000000      0x6b4
 *(.stab)
 .stab          0x00000000      0x6b4 /usr/local/CrossPack-AVR-20100115/lib/gcc/avr/4.3.3/../../../../avr/lib/avr25/crttn45.o

.stabstr        0x00000000       0x82
 *(.stabstr)
 .stabstr       0x00000000       0x82 /usr/local/CrossPack-AVR-20100115/lib/gcc/avr/4.3.3/../../../../avr/lib/avr25/crttn45.o

.stab.excl
 *(.stab.excl)

.stab.exclstr
 *(.stab.exclstr)

.stab.index
 *(.stab.index)

.stab.indexstr
 *(.stab.indexstr)

.comment
 *(.comment)

.debug
 *(.debug)

.line
 *(.line)

.debug_srcinfo
 *(.debug_srcinfo)

.debug_sfnames
 *(.debug_sfnames)

.debug_aranges  0x00000000       0x20
 *(.debug_aranges)
 .debug_aranges
                0x00000000       0x20 firefly.o

.debug_pubnames
                0x00000000      0x2cb
 *(.debug_pubnames)
 .debug_pubnames
                0x00000000      0x2cb firefly.o

.debug_info     0x00000000      0x8ed
 *(.debug_info)
 .debug_info    0x00000000      0x8ed firefly.o
 *(.gnu.linkonce.wi.*)

.debug_abbrev   0x00000000      0x213
 *(.debug_abbrev)
 .debug_abbrev  0x00000000      0x213 firefly.o

.debug_line     0x00000000      0x76d
 *(.debug_line)
 .debug_line    0x00000000      0x76d firefly.o

.debug_frame    0x00000000       0xc0
 *(.debug_frame)
 .debug_frame   0x00000000       0xc0 firefly.o

.debug_str      0x00000000      0x373
 *(.debug_str)
 .debug_str     0x00000000      0x373 firefly.o
                                0x3cd (size before relaxing)

.debug_loc      0x00000000      0x229
 *(.debug_loc)
 .debug_loc     0x00000000      0x229 firefly.o

.debug_macinfo
 *(.debug_macinfo)
OUTPUT(firefly.elf elf32-avr)
LOAD linker stubs
