Archive member included because of file (symbol)

/usr/local/CrossPack-AVR-20090415/lib/gcc/avr/3.4.6/libgcc.a(_mulhi3.o)
                              firefly.o (__mulhi3)
/usr/local/CrossPack-AVR-20090415/lib/gcc/avr/3.4.6/libgcc.a(_exit.o)
                              /usr/local/CrossPack-AVR-20090415/lib/gcc/avr/3.4.6/../../../../avr/lib/crttn45.o (exit)
/usr/local/CrossPack-AVR-20090415/lib/gcc/avr/3.4.6/libgcc.a(_copy_data.o)
                              firefly.o (__do_copy_data)
/usr/local/CrossPack-AVR-20090415/lib/gcc/avr/3.4.6/libgcc.a(_clear_bss.o)
                              firefly.o (__do_clear_bss)

Allocating common symbols
Common symbol       size              file

ch2scale            0x1               firefly.o
ch1restcount        0x1               firefly.o
ch1nextnote         0x1               firefly.o
ch2nextscale        0x1               firefly.o
ch2nextnote         0x1               firefly.o
ch2restcount        0x1               firefly.o
ch1nextscale        0x1               firefly.o
ch1scale            0x1               firefly.o
masterpinmask       0x1               firefly.o

Memory Configuration

Name             Origin             Length             Attributes
text             0x00000000         0x00002000         xr
data             0x00800060         0x0000ffa0         rw !x
eeprom           0x00810000         0x00010000         rw !x
fuse             0x00820000         0x00000400         rw !x
lock             0x00830000         0x00000400         rw !x
signature        0x00840000         0x00000400         rw !x
*default*        0x00000000         0xffffffff

Linker script and memory map

LOAD /usr/local/CrossPack-AVR-20090415/lib/gcc/avr/3.4.6/../../../../avr/lib/crttn45.o
LOAD /usr/local/CrossPack-AVR-20090415/lib/gcc/avr/3.4.6/../../../../avr/lib/libm.a
LOAD firefly.o
LOAD /usr/local/CrossPack-AVR-20090415/lib/gcc/avr/3.4.6/libgcc.a
LOAD /usr/local/CrossPack-AVR-20090415/lib/gcc/avr/3.4.6/../../../../avr/lib/libc.a
LOAD /usr/local/CrossPack-AVR-20090415/lib/gcc/avr/3.4.6/libgcc.a

.hash
 *(.hash)

.dynsym
 *(.dynsym)

.dynstr
 *(.dynstr)

.gnu.version
 *(.gnu.version)

.gnu.version_d
 *(.gnu.version_d)

.gnu.version_r
 *(.gnu.version_r)

.rel.init
 *(.rel.init)

.rela.init
 *(.rela.init)

.rel.text
 *(.rel.text)
 *(.rel.text.*)
 *(.rel.gnu.linkonce.t*)

.rela.text
 *(.rela.text)
 *(.rela.text.*)
 *(.rela.gnu.linkonce.t*)

.rel.fini
 *(.rel.fini)

.rela.fini
 *(.rela.fini)

.rel.rodata
 *(.rel.rodata)
 *(.rel.rodata.*)
 *(.rel.gnu.linkonce.r*)

.rela.rodata
 *(.rela.rodata)
 *(.rela.rodata.*)
 *(.rela.gnu.linkonce.r*)

.rel.data
 *(.rel.data)
 *(.rel.data.*)
 *(.rel.gnu.linkonce.d*)

.rela.data
 *(.rela.data)
 *(.rela.data.*)
 *(.rela.gnu.linkonce.d*)

.rel.ctors
 *(.rel.ctors)

.rela.ctors
 *(.rela.ctors)

.rel.dtors
 *(.rel.dtors)

.rela.dtors
 *(.rela.dtors)

.rel.got
 *(.rel.got)

.rela.got
 *(.rela.got)

.rel.bss
 *(.rel.bss)

.rela.bss
 *(.rela.bss)

.rel.plt
 *(.rel.plt)

.rela.plt
 *(.rela.plt)

.text           0x00000000      0xb34
 *(.vectors)
 .vectors       0x00000000       0x1e /usr/local/CrossPack-AVR-20090415/lib/gcc/avr/3.4.6/../../../../avr/lib/crttn45.o
                0x00000000                __vectors
                0x00000000                __vector_default
 *(.vectors)
 *(.progmem.gcc*)
 *(.progmem*)
 .progmem.data  0x0000001e      0x3f9 firefly.o
                0x0000001e                version
                0x0000029f                song2cnotes
                0x00000404                bootsongnotes
                0x000001b4                song2enotes
                0x00000113                song2gnotes
                0x0000004d                about
                0x0000010a                bitmasks
                0x00000157                song2fnotes
                0x0000038d                song2anotes
                0x0000023c                song2dnotes
                0x00000321                song2bnotes
                0x00000418                . = ALIGN (0x2)
 *fill*         0x00000417        0x1 00
                0x00000418                __trampolines_start = .
 *(.trampolines)
 .trampolines   0x00000418        0x0 linker stubs
 *(.trampolines*)
                0x00000418                __trampolines_end = .
 *(.jumptables)
 *(.jumptables*)
 *(.lowtext)
 *(.lowtext*)
                0x00000418                __ctors_start = .
 *(.ctors)
                0x00000418                __ctors_end = .
                0x00000418                __dtors_start = .
 *(.dtors)
                0x00000418                __dtors_end = .
 SORT(*)(.ctors)
 SORT(*)(.dtors)
 *(.init0)
 .init0         0x00000418        0x0 /usr/local/CrossPack-AVR-20090415/lib/gcc/avr/3.4.6/../../../../avr/lib/crttn45.o
                0x00000418                __init
 *(.init0)
 *(.init1)
 *(.init1)
 *(.init2)
 .init2         0x00000418        0xc /usr/local/CrossPack-AVR-20090415/lib/gcc/avr/3.4.6/../../../../avr/lib/crttn45.o
 *(.init2)
 *(.init3)
 *(.init3)
 *(.init4)
 .init4         0x00000424       0x18 /usr/local/CrossPack-AVR-20090415/lib/gcc/avr/3.4.6/libgcc.a(_copy_data.o)
                0x00000424                __do_copy_data
 .init4         0x0000043c       0x10 /usr/local/CrossPack-AVR-20090415/lib/gcc/avr/3.4.6/libgcc.a(_clear_bss.o)
                0x0000043c                __do_clear_bss
 *(.init4)
 *(.init5)
 *(.init5)
 *(.init6)
 *(.init6)
 *(.init7)
 *(.init7)
 *(.init8)
 *(.init8)
 *(.init9)
 .init9         0x0000044c        0x4 /usr/local/CrossPack-AVR-20090415/lib/gcc/avr/3.4.6/../../../../avr/lib/crttn45.o
 *(.init9)
 *(.text)
 .text          0x00000450        0x2 /usr/local/CrossPack-AVR-20090415/lib/gcc/avr/3.4.6/../../../../avr/lib/crttn45.o
                0x00000450                __vector_1
                0x00000450                __bad_interrupt
                0x00000450                __vector_6
                0x00000450                __vector_3
                0x00000450                __vector_11
                0x00000450                __vector_13
                0x00000450                __vector_7
                0x00000450                __vector_5
                0x00000450                __vector_4
                0x00000450                __vector_9
                0x00000450                __vector_2
                0x00000450                __vector_8
                0x00000450                __vector_14
 .text          0x00000452      0x6bc firefly.o
                0x0000070e                randwaitval
                0x00000452                __vector_12
                0x000006c6                randbits
                0x00000740                randscaleval
                0x0000076a                pickapin
                0x000007ba                pickmaster
                0x00000a7c                main
                0x00000808                lighted_fireflies
                0x000007e8                pickasong
                0x000005a4                showbootup
                0x000004ba                __vector_10
 .text          0x00000b0e        0x0 /usr/local/CrossPack-AVR-20090415/lib/gcc/avr/3.4.6/libgcc.a(_mulhi3.o)
 .text          0x00000b0e        0x0 /usr/local/CrossPack-AVR-20090415/lib/gcc/avr/3.4.6/libgcc.a(_exit.o)
 .text          0x00000b0e        0x0 /usr/local/CrossPack-AVR-20090415/lib/gcc/avr/3.4.6/libgcc.a(_copy_data.o)
 .text          0x00000b0e        0x0 /usr/local/CrossPack-AVR-20090415/lib/gcc/avr/3.4.6/libgcc.a(_clear_bss.o)
                0x00000b0e                . = ALIGN (0x2)
 *(.text.*)
 .text.libgcc   0x00000b0e       0x24 /usr/local/CrossPack-AVR-20090415/lib/gcc/avr/3.4.6/libgcc.a(_mulhi3.o)
                0x00000b0e                __mulhi3
 .text.libgcc   0x00000b32        0x0 /usr/local/CrossPack-AVR-20090415/lib/gcc/avr/3.4.6/libgcc.a(_exit.o)
 .text.libgcc   0x00000b32        0x0 /usr/local/CrossPack-AVR-20090415/lib/gcc/avr/3.4.6/libgcc.a(_copy_data.o)
 .text.libgcc   0x00000b32        0x0 /usr/local/CrossPack-AVR-20090415/lib/gcc/avr/3.4.6/libgcc.a(_clear_bss.o)
                0x00000b32                . = ALIGN (0x2)
 *(.fini9)
 .fini9         0x00000b32        0x0 /usr/local/CrossPack-AVR-20090415/lib/gcc/avr/3.4.6/libgcc.a(_exit.o)
                0x00000b32                exit
                0x00000b32                _exit
 *(.fini9)
 *(.fini8)
 *(.fini8)
 *(.fini7)
 *(.fini7)
 *(.fini6)
 *(.fini6)
 *(.fini5)
 *(.fini5)
 *(.fini4)
 *(.fini4)
 *(.fini3)
 *(.fini3)
 *(.fini2)
 *(.fini2)
 *(.fini1)
 *(.fini1)
 *(.fini0)
 .fini0         0x00000b32        0x2 /usr/local/CrossPack-AVR-20090415/lib/gcc/avr/3.4.6/libgcc.a(_exit.o)
 *(.fini0)
                0x00000b34                _etext = .

.data           0x00800060       0x4a load address 0x00000b34
                0x00800060                PROVIDE (__data_start, .)
 *(.data)
 .data          0x00800060        0x0 /usr/local/CrossPack-AVR-20090415/lib/gcc/avr/3.4.6/../../../../avr/lib/crttn45.o
 .data          0x00800060       0x4a firefly.o
                0x00800091                song2d
                0x008000a1                bootsong
                0x00800089                song2f
                0x00800083                bootsongs
                0x00800060                mood_count
                0x00800085                song2g
                0x00800099                song2b
                0x0080009d                song2a
                0x0080008d                song2e
                0x00800062                mood
                0x00800063                songs
                0x00800095                song2c
 .data          0x008000aa        0x0 /usr/local/CrossPack-AVR-20090415/lib/gcc/avr/3.4.6/libgcc.a(_mulhi3.o)
 .data          0x008000aa        0x0 /usr/local/CrossPack-AVR-20090415/lib/gcc/avr/3.4.6/libgcc.a(_exit.o)
 .data          0x008000aa        0x0 /usr/local/CrossPack-AVR-20090415/lib/gcc/avr/3.4.6/libgcc.a(_copy_data.o)
 .data          0x008000aa        0x0 /usr/local/CrossPack-AVR-20090415/lib/gcc/avr/3.4.6/libgcc.a(_clear_bss.o)
 *(.data*)
 *(.rodata)
 *(.rodata*)
 *(.gnu.linkonce.d*)
                0x008000aa                . = ALIGN (0x2)
                0x008000aa                _edata = .
                0x008000aa                PROVIDE (__data_end, .)

.bss            0x008000aa       0x14
                0x008000aa                PROVIDE (__bss_start, .)
 *(.bss)
 .bss           0x008000aa        0x0 /usr/local/CrossPack-AVR-20090415/lib/gcc/avr/3.4.6/../../../../avr/lib/crttn45.o
 .bss           0x008000aa        0xb firefly.o
 .bss           0x008000b5        0x0 /usr/local/CrossPack-AVR-20090415/lib/gcc/avr/3.4.6/libgcc.a(_mulhi3.o)
 .bss           0x008000b5        0x0 /usr/local/CrossPack-AVR-20090415/lib/gcc/avr/3.4.6/libgcc.a(_exit.o)
 .bss           0x008000b5        0x0 /usr/local/CrossPack-AVR-20090415/lib/gcc/avr/3.4.6/libgcc.a(_copy_data.o)
 .bss           0x008000b5        0x0 /usr/local/CrossPack-AVR-20090415/lib/gcc/avr/3.4.6/libgcc.a(_clear_bss.o)
 *(.bss*)
 *(COMMON)
 COMMON         0x008000b5        0x9 firefly.o
                0x008000b5                ch2scale
                0x008000b6                ch1restcount
                0x008000b7                ch1nextnote
                0x008000b8                ch2nextscale
                0x008000b9                ch2nextnote
                0x008000ba                ch2restcount
                0x008000bb                ch1nextscale
                0x008000bc                ch1scale
                0x008000bd                masterpinmask
                0x008000be                PROVIDE (__bss_end, .)
                0x00000b34                __data_load_start = LOADADDR (.data)
                0x00000b7e                __data_load_end = (__data_load_start + SIZEOF (.data))

.noinit         0x008000be        0x0
                0x008000be                PROVIDE (__noinit_start, .)
 *(.noinit*)
                0x008000be                PROVIDE (__noinit_end, .)
                0x008000be                _end = .
                0x008000be                PROVIDE (__heap_start, .)

.eeprom         0x00810000        0x0
 *(.eeprom*)
                0x00810000                __eeprom_end = .

.fuse
 *(.fuse)
 *(.lfuse)
 *(.hfuse)
 *(.efuse)

.lock
 *(.lock*)

.signature
 *(.signature*)

.stab
 *(.stab)

.stabstr
 *(.stabstr)

.stab.excl
 *(.stab.excl)

.stab.exclstr
 *(.stab.exclstr)

.stab.index
 *(.stab.index)

.stab.indexstr
 *(.stab.indexstr)

.comment
 *(.comment)

.debug
 *(.debug)

.line
 *(.line)

.debug_srcinfo
 *(.debug_srcinfo)

.debug_sfnames
 *(.debug_sfnames)

.debug_aranges  0x00000000       0x14
 *(.debug_aranges)
 .debug_aranges
                0x00000000       0x14 firefly.o

.debug_pubnames
                0x00000000      0x277
 *(.debug_pubnames)
 .debug_pubnames
                0x00000000      0x277 firefly.o

.debug_info     0x00000000      0x7ea
 *(.debug_info)
 .debug_info    0x00000000      0x7ea firefly.o
 *(.gnu.linkonce.wi.*)

.debug_abbrev   0x00000000      0x1a3
 *(.debug_abbrev)
 .debug_abbrev  0x00000000      0x1a3 firefly.o

.debug_line     0x00000000      0x652
 *(.debug_line)
 .debug_line    0x00000000      0x652 firefly.o

.debug_frame
 *(.debug_frame)

.debug_str      0x00000000      0x2fc
 *(.debug_str)
 .debug_str     0x00000000      0x2fc firefly.o
                                0x37a (size before relaxing)

.debug_loc
 *(.debug_loc)

.debug_macinfo
 *(.debug_macinfo)
OUTPUT(firefly.out elf32-avr)
LOAD linker stubs
